------------------------------------------------------------
Timing Analyzer Summary
------------------------------------------------------------

Type  : Slow 1200mV 85C Model Setup 'IR:uIR|o_OPCODE[0]'
Slack : -7.168
TNS   : -69.032

Type  : Slow 1200mV 85C Model Setup 'U01|altpll_component|auto_generated|pll1|clk[0]'
Slack : -5.075
TNS   : -46.763

Type  : Slow 1200mV 85C Model Hold 'U01|altpll_component|auto_generated|pll1|clk[0]'
Slack : 0.333
TNS   : 0.000

Type  : Slow 1200mV 85C Model Hold 'IR:uIR|o_OPCODE[0]'
Slack : 2.187
TNS   : 0.000

Type  : Slow 1200mV 85C Model Minimum Pulse Width 'IR:uIR|o_OPCODE[0]'
Slack : 0.465
TNS   : 0.000

Type  : Slow 1200mV 85C Model Minimum Pulse Width 'U01|altpll_component|auto_generated|pll1|clk[0]'
Slack : 4.676
TNS   : 0.000

Type  : Slow 1200mV 85C Model Minimum Pulse Width 'i_CLK'
Slack : 4.895
TNS   : 0.000

Type  : Slow 1200mV 0C Model Setup 'IR:uIR|o_OPCODE[0]'
Slack : -6.812
TNS   : -65.299

Type  : Slow 1200mV 0C Model Setup 'U01|altpll_component|auto_generated|pll1|clk[0]'
Slack : -4.228
TNS   : -38.788

Type  : Slow 1200mV 0C Model Hold 'U01|altpll_component|auto_generated|pll1|clk[0]'
Slack : 0.291
TNS   : 0.000

Type  : Slow 1200mV 0C Model Hold 'IR:uIR|o_OPCODE[0]'
Slack : 1.978
TNS   : 0.000

Type  : Slow 1200mV 0C Model Minimum Pulse Width 'IR:uIR|o_OPCODE[0]'
Slack : 0.410
TNS   : 0.000

Type  : Slow 1200mV 0C Model Minimum Pulse Width 'U01|altpll_component|auto_generated|pll1|clk[0]'
Slack : 4.688
TNS   : 0.000

Type  : Slow 1200mV 0C Model Minimum Pulse Width 'i_CLK'
Slack : 4.920
TNS   : 0.000

Type  : Fast 1200mV 0C Model Setup 'IR:uIR|o_OPCODE[0]'
Slack : -2.833
TNS   : -27.046

Type  : Fast 1200mV 0C Model Setup 'U01|altpll_component|auto_generated|pll1|clk[0]'
Slack : -1.829
TNS   : -16.602

Type  : Fast 1200mV 0C Model Hold 'U01|altpll_component|auto_generated|pll1|clk[0]'
Slack : 0.162
TNS   : 0.000

Type  : Fast 1200mV 0C Model Hold 'IR:uIR|o_OPCODE[0]'
Slack : 0.709
TNS   : 0.000

Type  : Fast 1200mV 0C Model Minimum Pulse Width 'IR:uIR|o_OPCODE[0]'
Slack : 0.378
TNS   : 0.000

Type  : Fast 1200mV 0C Model Minimum Pulse Width 'i_CLK'
Slack : 4.668
TNS   : 0.000

Type  : Fast 1200mV 0C Model Minimum Pulse Width 'U01|altpll_component|auto_generated|pll1|clk[0]'
Slack : 4.715
TNS   : 0.000

------------------------------------------------------------
